core_cm7.h:2464:22:SCB_InvalidateDCache_by_Addr	32	static,ignoring_inline_asm
ethernetif.c:133:6:HAL_ETH_MspInit	64	static
ethernetif.c:202:6:HAL_ETH_MspDeInit	16	static
ethernetif.c:253:13:low_level_init	32	static
ethernetif.c:359:14:low_level_output	80	static
ethernetif.c:405:22:low_level_input	88	static
ethernetif.c:454:6:ethernetif_input	24	static
ethernetif.c:510:7:ethernetif_init	16	static
ethernetif.c:554:6:pbuf_free_custom	24	static
ethernetif.c:569:7:sys_jiffies	8	static
ethernetif.c:580:7:sys_now	8	static
ethernetif.c:595:9:ETH_PHY_IO_Init	8	static
ethernetif.c:612:9:ETH_PHY_IO_DeInit	4	static
ethernetif.c:624:9:ETH_PHY_IO_ReadReg	24	static
ethernetif.c:641:9:ETH_PHY_IO_WriteReg	24	static
ethernetif.c:655:9:ETH_PHY_IO_GetTick	8	static
ethernetif.c:665:6:ethernet_link_check_state	136	static
